/archives/490 /index.php/act-heritage-library;
/archives/490/ /index.php/act-heritage-library;
/archives/40 /index.php/arhs-railway-resource-centre;
/archives/40/ /index.php/arhs-railway-resource-centre;
/archives/22 /index.php/abbotsleigh;
/archives/22/ /index.php/abbotsleigh;
/archives/265 /index.php/adelaide-catholic-archives;
/archives/265/ /index.php/adelaide-catholic-archives;
/archives/274 /index.php/adelaide-city-council-archives;
/archives/274/ /index.php/adelaide-city-council-archives;
/archives/2 /index.php/adolph-basser-library;
/archives/2/ /index.php/adolph-basser-library;
/archives/157 /index.php/adventist-heritage-centre;
/archives/157/ /index.php/adventist-heritage-centre;
/archives/400 /index.php/albany-historical-society-archives;
/archives/400/ /index.php/albany-historical-society-archives;
/archives/196 /index.php/albury-city-library;
/archives/196/ /index.php/albury-city-library;
/archives/517 /index.php/alfred-hospital-archives;
/archives/517/ /index.php/alfred-hospital-archives;
/archives/207 /index.php/alice-springs-collection;
/archives/207/ /index.php/alice-springs-collection;
/archives/401 /index.php/all-saints-college;
/archives/401/ /index.php/all-saints-college;
/archives/477 /index.php/allport-library-and-museum-of-fine-arts;
/archives/477/ /index.php/allport-library-and-museum-of-fine-arts;
/archives/524 /index.php/ambleside-park-homestead-museum-and-resource-centre;
/archives/524/ /index.php/ambleside-park-homestead-museum-and-resource-centre;
/archives/511 /index.php/anglican-church-diocese-of-grafton;
/archives/511/ /index.php/anglican-church-diocese-of-grafton;
/archives/23 /index.php/anglican-church-diocese-of-sydney;
/archives/23/ /index.php/anglican-church-diocese-of-sydney;
/archives/499 /index.php/anglican-diocese-of-adelaide-archives-records-centre;
/archives/499/ /index.php/anglican-diocese-of-adelaide-archives-records-centre;
/archives/325 /index.php/anglican-diocese-of-melbourne;
/archives/325/ /index.php/anglican-diocese-of-melbourne;
/archives/545 /index.php/anglican-diocese-of-perth-archives;
/archives/545/ /index.php/anglican-diocese-of-perth-archives;
/archives/500 /index.php/anglicare-sa;
/archives/500/ /index.php/anglicare-sa;
/archives/258 /index.php/annesley-college;
/archives/258/ /index.php/annesley-college;
/archives/189 /index.php/archive-of-australian-judaica;
/archives/189/ /index.php/archive-of-australian-judaica;
/archives/320 /index.php/archives-office-of-tasmania;
/archives/320/ /index.php/archives-office-of-tasmania;
/archives/402 /index.php/army-museum-of-western-australia-foundation;
/archives/402/ /index.php/army-museum-of-western-australia-foundation;
/archives/403 /index.php/art-gallery-of-western-australia;
/archives/403/ /index.php/art-gallery-of-western-australia;
/archives/25 /index.php/ashfield-municipal-council;
/archives/25/ /index.php/ashfield-municipal-council;
/archives/26 /index.php/auburn-district-historical-society;
/archives/26/ /index.php/auburn-district-historical-society;
/archives/27 /index.php/australasian-society-for-ultrasound-in-medicine;
/archives/27/ /index.php/australasian-society-for-ultrasound-in-medicine;
/archives/327 /index.php/australia-and-new-zealand-banking-group-limited;
/archives/327/ /index.php/australia-and-new-zealand-banking-group-limited;
/archives/29 /index.php/australian-broadcasting-corporation-abc-document-archives;
/archives/29/ /index.php/australian-broadcasting-corporation-abc-document-archives;
/archives/30 /index.php/australian-broadcasting-corporation-abc-radio-archives;
/archives/30/ /index.php/australian-broadcasting-corporation-abc-radio-archives;
/archives/31 /index.php/australian-broadcasting-corporation-abc-television-archives;
/archives/31/ /index.php/australian-broadcasting-corporation-abc-television-archives;
/archives/330 /index.php/australian-catholic-university-mercy-campus;
/archives/330/ /index.php/australian-catholic-university-mercy-campus;
/archives/32 /index.php/australian-catholic-university-castle-hill-campus;
/archives/32/ /index.php/australian-catholic-university-castle-hill-campus;
/archives/331 /index.php/australian-conservation-foundation;
/archives/331/ /index.php/australian-conservation-foundation;
/archives/33 /index.php/australian-consumers-association-choice;
/archives/33/ /index.php/australian-consumers-association-choice;
/archives/332 /index.php/australian-council-for-educational-research;
/archives/332/ /index.php/australian-council-for-educational-research;
/archives/180 /index.php/australian-country-music-foundation;
/archives/180/ /index.php/australian-country-music-foundation;
/archives/575 /index.php/australian-credit-union-archives;
/archives/575/ /index.php/australian-credit-union-archives;
/archives/8 /index.php/australian-dictionary-of-biography;
/archives/8/ /index.php/australian-dictionary-of-biography;
/archives/260 /index.php/australian-electric-transport-museum-sa-inc;
/archives/260/ /index.php/australian-electric-transport-museum-sa-inc;
/archives/179 /index.php/australian-heritage-fleet-formerly-sydney-heritage-fleet;
/archives/179/ /index.php/australian-heritage-fleet-formerly-sydney-heritage-fleet;
/archives/6 /index.php/australian-institute-of-aboriginal-and-torres-strait-islander-studies-aiatsis;
/archives/6/ /index.php/australian-institute-of-aboriginal-and-torres-strait-islander-studies-aiatsis;
/archives/35 /index.php/australian-jewish-historical-society-nsw-archives;
/archives/35/ /index.php/australian-jewish-historical-society-nsw-archives;
/archives/334 /index.php/australian-jewish-historical-society-victoria-inc;
/archives/334/ /index.php/australian-jewish-historical-society-victoria-inc;
/archives/36 /index.php/australian-jockey-club-racing-museum;
/archives/36/ /index.php/australian-jockey-club-racing-museum;
/archives/335 /index.php/australian-lesbian-and-gay-archives-inc;
/archives/335/ /index.php/australian-lesbian-and-gay-archives-inc;
/archives/336 /index.php/australian-medical-association-victorian-branch;
/archives/336/ /index.php/australian-medical-association-victorian-branch;
/archives/37 /index.php/australian-museum;
/archives/37/ /index.php/australian-museum;
/archives/38 /index.php/australian-mutual-provident-society-amp;
/archives/38/ /index.php/australian-mutual-provident-society-amp;
/archives/39 /index.php/australian-national-maritime-museum;
/archives/39/ /index.php/australian-national-maritime-museum;
/archives/540 /index.php/australian-national-university-archives;
/archives/540/ /index.php/australian-national-university-archives;
/archives/9 /index.php/australian-national-university-institute-of-the-arts;
/archives/9/ /index.php/australian-national-university-institute-of-the-arts;
/archives/10 /index.php/australian-national-university-library-rare-books-and-manuscripts;
/archives/10/ /index.php/australian-national-university-library-rare-books-and-manuscripts;
/archives/532 /index.php/australian-red-cross-national-archives;
/archives/532/ /index.php/australian-red-cross-national-archives;
/archives/572 /index.php/australian-rugby-union-archives;
/archives/572/ /index.php/australian-rugby-union-archives;
/archives/390 /index.php/australian-science-and-technology-heritage-centre;
/archives/390/ /index.php/australian-science-and-technology-heritage-centre;
/archives/475 /index.php/australian-science-and-technology-heritage-centre-canberra;
/archives/475/ /index.php/australian-science-and-technology-heritage-centre-canberra;
/archives/14 /index.php/australian-senate;
/archives/14/ /index.php/australian-senate;
/archives/41 /index.php/australian-stock-exchange;
/archives/41/ /index.php/australian-stock-exchange;
/archives/15 /index.php/australian-war-memorial-research-centre;
/archives/15/ /index.php/australian-war-memorial-research-centre;
/archives/221 /index.php/bank-of-queensland-ltd;
/archives/221/ /index.php/bank-of-queensland-ltd;
/archives/437 /index.php/bank-of-western-australia-ltd;
/archives/437/ /index.php/bank-of-western-australia-ltd;
/archives/42 /index.php/bankstown-city-library-and-information-service;
/archives/42/ /index.php/bankstown-city-library-and-information-service;
/archives/222 /index.php/baptist-union-of-queensland;
/archives/222/ /index.php/baptist-union-of-queensland;
/archives/43 /index.php/barker-college;
/archives/43/ /index.php/barker-college;
/archives/315 /index.php/barr-smith-library-special-collections;
/archives/315/ /index.php/barr-smith-library-special-collections;
/archives/44 /index.php/barranjoey-historical-resources-centre;
/archives/44/ /index.php/barranjoey-historical-resources-centre;
/archives/405 /index.php/benedictine-community-of-new-norcia-inc;
/archives/405/ /index.php/benedictine-community-of-new-norcia-inc;
/archives/45 /index.php/benevolent-society-of-new-south-wales;
/archives/45/ /index.php/benevolent-society-of-new-south-wales;
/archives/534 /index.php/berri-districts-local-heritage-collection;
/archives/534/ /index.php/berri-districts-local-heritage-collection;
/archives/46 /index.php/berrima-district-historical-and-family-history-society;
/archives/46/ /index.php/berrima-district-historical-and-family-history-society;
/archives/47 /index.php/berry-and-district-historical-society;
/archives/47/ /index.php/berry-and-district-historical-society;
/archives/406 /index.php/beverley-historical-society;
/archives/406/ /index.php/beverley-historical-society;
/archives/338 /index.php/bible-college-of-victoria;
/archives/338/ /index.php/bible-college-of-victoria;
/archives/49 /index.php/bland-district-historical-society;
/archives/49/ /index.php/bland-district-historical-society;
/archives/339 /index.php/blessed-sacrament-congregation-and-st-francis-church-heritage-centre;
/archives/339/ /index.php/blessed-sacrament-congregation-and-st-francis-church-heritage-centre;
/archives/50 /index.php/blue-mountains-city-library-local-studies-collection;
/archives/50/ /index.php/blue-mountains-city-library-local-studies-collection;
/archives/498 /index.php/bob-hawke-prime-ministerial-library;
/archives/498/ /index.php/bob-hawke-prime-ministerial-library;
/archives/261 /index.php/botanic-gardens-of-adelaide-and-state-herbarium;
/archives/261/ /index.php/botanic-gardens-of-adelaide-and-state-herbarium;
/archives/340 /index.php/box-hill-hospital;
/archives/340/ /index.php/box-hill-hospital;
/archives/407 /index.php/bridgetown-historical-society;
/archives/407/ /index.php/bridgetown-historical-society;
/archives/485 /index.php/brigidine-sisters-provincial-archives;
/archives/485/ /index.php/brigidine-sisters-provincial-archives;
/archives/223 /index.php/brisbane-boys-college;
/archives/223/ /index.php/brisbane-boys-college;
/archives/224 /index.php/brisbane-city-council-archives;
/archives/224/ /index.php/brisbane-city-council-archives;
/archives/225 /index.php/brisbane-grammar-school;
/archives/225/ /index.php/brisbane-grammar-school;
/archives/87 /index.php/broadway-museum;
/archives/87/ /index.php/broadway-museum;
/archives/52 /index.php/broken-hill-city-library-outback-archives;
/archives/52/ /index.php/broken-hill-city-library-outback-archives;
/archives/341 /index.php/broken-hill-proprietary-co-ltd;
/archives/341/ /index.php/broken-hill-proprietary-co-ltd;
/archives/408 /index.php/brookton-and-districts-historical-society-inc;
/archives/408/ /index.php/brookton-and-districts-historical-society-inc;
/archives/409 /index.php/broome-historical-society-inc;
/archives/409/ /index.php/broome-historical-society-inc;
/archives/552 /index.php/bunbury-cathedral-grammar-school-archives;
/archives/552/ /index.php/bunbury-cathedral-grammar-school-archives;
/archives/53 /index.php/bundanoon-history-group-inc;
/archives/53/ /index.php/bundanoon-history-group-inc;
/archives/262 /index.php/burnside-public-library-local-history-collection;
/archives/262/ /index.php/burnside-public-library-local-history-collection;
/archives/263 /index.php/burra-community-library;
/archives/263/ /index.php/burra-community-library;
/archives/342 /index.php/camberwell-grammar-school;
/archives/342/ /index.php/camberwell-grammar-school;
/archives/54 /index.php/camden-historical-society;
/archives/54/ /index.php/camden-historical-society;
/archives/55 /index.php/camden-public-library-local-studies-section;
/archives/55/ /index.php/camden-public-library-local-studies-section;
/archives/56 /index.php/campbelltown-city-library-local-studies-collection;
/archives/56/ /index.php/campbelltown-city-library-local-studies-collection;
/archives/264 /index.php/campbelltown-public-library-local-history-collection;
/archives/264/ /index.php/campbelltown-public-library-local-history-collection;
/archives/493 /index.php/canberra-girls-grammar-school;
/archives/493/ /index.php/canberra-girls-grammar-school;
/archives/16 /index.php/canberra-and-district-historical-society;
/archives/16/ /index.php/canberra-and-district-historical-society;
/archives/410 /index.php/canning-districts-historical-society-inc;
/archives/410/ /index.php/canning-districts-historical-society-inc;
/archives/57 /index.php/canowindra-and-district-historical-society;
/archives/57/ /index.php/canowindra-and-district-historical-society;
/archives/343 /index.php/carey-baptist-grammar-school;
/archives/343/ /index.php/carey-baptist-grammar-school;
/archives/58 /index.php/catholic-archdiocese-of-sydney-sydney-archdiocesan-archives;
/archives/58/ /index.php/catholic-archdiocese-of-sydney-sydney-archdiocesan-archives;
/archives/1 /index.php/catholic-church-archdiocese-of-canberra-and-goulburn;
/archives/1/ /index.php/catholic-church-archdiocese-of-canberra-and-goulburn;
/archives/226 /index.php/catholic-diocese-of-toowoomba;
/archives/226/ /index.php/catholic-diocese-of-toowoomba;
/archives/227 /index.php/catholic-diocese-of-townsville;
/archives/227/ /index.php/catholic-diocese-of-townsville;
/archives/344 /index.php/catholic-education-office-archdiocese-of-melbourne;
/archives/344/ /index.php/catholic-education-office-archdiocese-of-melbourne;
/archives/518 /index.php/caulfield-general-medical-centre-archives;
/archives/518/ /index.php/caulfield-general-medical-centre-archives;
/archives/266 /index.php/ceduna-community-school-library-local-history-collection;
/archives/266/ /index.php/ceduna-community-school-library-local-history-collection;
/archives/209 /index.php/central-land-council;
/archives/209/ /index.php/central-land-council;
/archives/468 /index.php/central-queensland-university;
/archives/468/ /index.php/central-queensland-university;
/archives/255 /index.php/central-queensland-university-archives;
/archives/255/ /index.php/central-queensland-university-archives;
/archives/59 /index.php/charles-sturt-university-regional-archives;
/archives/59/ /index.php/charles-sturt-university-regional-archives;
/archives/228 /index.php/charleville-and-district-historical-society-inc;
/archives/228/ /index.php/charleville-and-district-historical-society-inc;
/archives/509 /index.php/charters-towers-and-dalrymple-archives-group;
/archives/509/ /index.php/charters-towers-and-dalrymple-archives-group;
/archives/229 /index.php/charters-towers-and-dalrymple-family-history-association-inc;
/archives/229/ /index.php/charters-towers-and-dalrymple-family-history-association-inc;
/archives/571 /index.php/christ-church-grammar-school;
/archives/571/ /index.php/christ-church-grammar-school;
/archives/60 /index.php/christian-brothers-high-school;
/archives/60/ /index.php/christian-brothers-high-school;
/archives/505 /index.php/christian-brothers-holy-spirit-province;
/archives/505/ /index.php/christian-brothers-holy-spirit-province;
/archives/573 /index.php/christian-brothers-kelty-archives;
/archives/573/ /index.php/christian-brothers-kelty-archives;
/archives/230 /index.php/christian-brothers-st-francis-xavier-province;
/archives/230/ /index.php/christian-brothers-st-francis-xavier-province;
/archives/577 /index.php/christian-brothers-oceania-support-centre-nsw-and-act;
/archives/577/ /index.php/christian-brothers-oceania-support-centre-nsw-and-act;
/archives/411 /index.php/city-of-belmont-historical-society-inc;
/archives/411/ /index.php/city-of-belmont-historical-society-inc;
/archives/51 /index.php/city-of-botany-bay-library-local-studies-collection;
/archives/51/ /index.php/city-of-botany-bay-library-local-studies-collection;
/archives/267 /index.php/city-of-brighton;
/archives/267/ /index.php/city-of-brighton;
/archives/347 /index.php/city-of-melbourne-archives;
/archives/347/ /index.php/city-of-melbourne-archives;
/archives/268 /index.php/city-of-mitcham;
/archives/268/ /index.php/city-of-mitcham;
/archives/275 /index.php/city-of-playford-local-and-family-history-collection;
/archives/275/ /index.php/city-of-playford-local-and-family-history-collection;
/archives/269 /index.php/city-of-salisbury-public-library-service;
/archives/269/ /index.php/city-of-salisbury-public-library-service;
/archives/414 /index.php/city-of-south-perth-council-city-of-south-perth-historical-society-local-studies-collection;
/archives/414/ /index.php/city-of-south-perth-council-city-of-south-perth-historical-society-local-studies-collection;
/archives/415 /index.php/city-of-stirling-stirling-history-collection;
/archives/415/ /index.php/city-of-stirling-stirling-history-collection;
/archives/64 /index.php/city-of-sydney-archives;
/archives/64/ /index.php/city-of-sydney-archives;
/archives/270 /index.php/clare-regional-history-group;
/archives/270/ /index.php/clare-regional-history-group;
/archives/61 /index.php/clyde-river-and-batemans-bay-historical-society;
/archives/61/ /index.php/clyde-river-and-batemans-bay-historical-society;
/archives/345 /index.php/cohuna-district-historical-society-inc;
/archives/345/ /index.php/cohuna-district-historical-society-inc;
/archives/346 /index.php/coles-myer-ltd;
/archives/346/ /index.php/coles-myer-ltd;
/archives/271 /index.php/collegiate-school-of-st-peter;
/archives/271/ /index.php/collegiate-school-of-st-peter;
/archives/62 /index.php/commonwealth-bank-of-australia;
/archives/62/ /index.php/commonwealth-bank-of-australia;
/archives/17 /index.php/commonwealth-scientific-and-industrial-research-organisation-csiro-corporate-records-and-archives-strategies;
/archives/17/ /index.php/commonwealth-scientific-and-industrial-research-organisation-csiro-corporate-records-and-archives-strategies;
/archives/272 /index.php/convent-of-mercy-adelaide-inc;
/archives/272/ /index.php/convent-of-mercy-adelaide-inc;
/archives/63 /index.php/convent-of-mercy-parramatta;
/archives/63/ /index.php/convent-of-mercy-parramatta;
/archives/273 /index.php/coomandook-school-community-library;
/archives/273/ /index.php/coomandook-school-community-library;
/archives/489 /index.php/coonamble-district-archive-centre-cdac;
/archives/489/ /index.php/coonamble-district-archive-centre-cdac;
/archives/65 /index.php/craft-australia;
/archives/65/ /index.php/craft-australia;
/archives/66 /index.php/cranbrook-school;
/archives/66/ /index.php/cranbrook-school;
/archives/188 /index.php/cultural-collections-archives-auchmuty-library-university-of-newcastle;
/archives/188/ /index.php/cultural-collections-archives-auchmuty-library-university-of-newcastle;
/archives/417 /index.php/cunderdin-municipal-museum;
/archives/417/ /index.php/cunderdin-municipal-museum;
/archives/525 /index.php/d-v-gunn-archives-launceston-church-grammar-school;
/archives/525/ /index.php/d-v-gunn-archives-launceston-church-grammar-school;
/archives/67 /index.php/daughters-of-charity-of-st-vincent-de-paul;
/archives/67/ /index.php/daughters-of-charity-of-st-vincent-de-paul;
/archives/68 /index.php/david-jones-archives;
/archives/68/ /index.php/david-jones-archives;
/archives/494 /index.php/de-la-salle-college-archives;
/archives/494/ /index.php/de-la-salle-college-archives;
/archives/348 /index.php/deakin-university-archives;
/archives/348/ /index.php/deakin-university-archives;
/archives/69 /index.php/deniliquin-historical-society;
/archives/69/ /index.php/deniliquin-historical-society;
/archives/418 /index.php/denmark-historical-society-inc;
/archives/418/ /index.php/denmark-historical-society-inc;
/archives/18 /index.php/department-of-defence-classified-archival-records-review-carr;
/archives/18/ /index.php/department-of-defence-classified-archival-records-review-carr;
/archives/233 /index.php/diocese-of-rockhampton;
/archives/233/ /index.php/diocese-of-rockhampton;
/archives/353 /index.php/donald-district-archives;
/archives/353/ /index.php/donald-district-archives;
/archives/419 /index.php/donnybrook-historical-society;
/archives/419/ /index.php/donnybrook-historical-society;
/archives/70 /index.php/dubbo-museum-and-historical-society-now-closed;
/archives/70/ /index.php/dubbo-museum-and-historical-society-now-closed;
/archives/420 /index.php/eastern-goldfields-historical-society-inc;
/archives/420/ /index.php/eastern-goldfields-historical-society-inc;
/archives/4 /index.php/echuca-historical-society;
/archives/4/ /index.php/echuca-historical-society;
/archives/421 /index.php/edith-cowan-university-archives;
/archives/421/ /index.php/edith-cowan-university-archives;
/archives/394 /index.php/elda-vaccari-collection-of-multicultural-studies;
/archives/394/ /index.php/elda-vaccari-collection-of-multicultural-studies;
/archives/350 /index.php/eltham-college;
/archives/350/ /index.php/eltham-college;
/archives/555 /index.php/emmanuel-college;
/archives/555/ /index.php/emmanuel-college;
/archives/276 /index.php/enfield-public-library-local-history-collection;
/archives/276/ /index.php/enfield-public-library-local-history-collection;
/archives/504 /index.php/estonian-archives-in-australia-library-archives-and-information-centre;
/archives/504/ /index.php/estonian-archives-in-australia-library-archives-and-information-centre;
/archives/86 /index.php/fairfax-media;
/archives/86/ /index.php/fairfax-media;
/archives/71 /index.php/fairfield-city-library-local-studies-collection;
/archives/71/ /index.php/fairfield-city-library-local-studies-collection;
/archives/72 /index.php/fellowship-of-first-fleeters;
/archives/72/ /index.php/fellowship-of-first-fleeters;
/archives/190 /index.php/fisher-library-rare-books-and-special-collections;
/archives/190/ /index.php/fisher-library-rare-books-and-special-collections;
/archives/73 /index.php/fort-street-high-school;
/archives/73/ /index.php/fort-street-high-school;
/archives/422 /index.php/fremantle-city-library-local-history-collection;
/archives/422/ /index.php/fremantle-city-library-local-history-collection;
/archives/257 /index.php/fryer-library-and-department-of-special-collections;
/archives/257/ /index.php/fryer-library-and-department-of-special-collections;
/archives/234 /index.php/gatton-shire-library;
/archives/234/ /index.php/gatton-shire-library;
/archives/351 /index.php/geelong-heritage-centre;
/archives/351/ /index.php/geelong-heritage-centre;
/archives/75 /index.php/glen-innes-and-district-historical-society-inc;
/archives/75/ /index.php/glen-innes-and-district-historical-society-inc;
/archives/236 /index.php/gold-coast-city-council;
/archives/236/ /index.php/gold-coast-city-council;
/archives/235 /index.php/gold-coast-family-history-society;
/archives/235/ /index.php/gold-coast-family-history-society;
/archives/337 /index.php/golden-dragon-museum;
/archives/337/ /index.php/golden-dragon-museum;
/archives/160 /index.php/good-samaritan-archives;
/archives/160/ /index.php/good-samaritan-archives;
/archives/349 /index.php/goold-catholic-museum-melbourne-diocesan-historical-commission-catholic-archdiocese-of-melbourne;
/archives/349/ /index.php/goold-catholic-museum-melbourne-diocesan-historical-commission-catholic-archdiocese-of-melbourne;
/archives/391 /index.php/grainger-museum;
/archives/391/ /index.php/grainger-museum;
/archives/76 /index.php/granville-historical-society;
/archives/76/ /index.php/granville-historical-society;
/archives/77 /index.php/grenfell-historical-society-and-museum;
/archives/77/ /index.php/grenfell-historical-society-and-museum;
/archives/78 /index.php/griffith-pioneer-park-museum;
/archives/78/ /index.php/griffith-pioneer-park-museum;
/archives/237 /index.php/griffith-university-archives;
/archives/237/ /index.php/griffith-university-archives;
/archives/74 /index.php/guides-new-south-wales;
/archives/74/ /index.php/guides-new-south-wales;
/archives/423 /index.php/guildford-grammar-school;
/archives/423/ /index.php/guildford-grammar-school;
/archives/79 /index.php/hawkesbury-city-council-library-local-studies-collection;
/archives/79/ /index.php/hawkesbury-city-council-library-local-studies-collection;
/archives/80 /index.php/hay-war-memorial-high-school;
/archives/80/ /index.php/hay-war-memorial-high-school;
/archives/424 /index.php/health-department-of-western-australia;
/archives/424/ /index.php/health-department-of-western-australia;
/archives/352 /index.php/heidelberg-historical-society;
/archives/352/ /index.php/heidelberg-historical-society;
/archives/501 /index.php/her-majestys-theatre;
/archives/501/ /index.php/her-majestys-theatre;
/archives/425 /index.php/historical-society-of-cockburn;
/archives/425/ /index.php/historical-society-of-cockburn;
/archives/290 /index.php/history-trust-of-south-australia;
/archives/290/ /index.php/history-trust-of-south-australia;
/archives/146 /index.php/history-of-medicine-library;
/archives/146/ /index.php/history-of-medicine-library;
/archives/83 /index.php/hunters-hill-historical-society;
/archives/83/ /index.php/hunters-hill-historical-society;
/archives/84 /index.php/hurstville-city-council-archives;
/archives/84/ /index.php/hurstville-city-council-archives;
/archives/85 /index.php/inverell-shire-public-library;
/archives/85/ /index.php/inverell-shire-public-library;
/archives/147 /index.php/j-p-trainor-archive-trust;
/archives/147/ /index.php/j-p-trainor-archive-trust;
/archives/429 /index.php/js-battye-library-of-west-australian-history;
/archives/429/ /index.php/js-battye-library-of-west-australian-history;
/archives/239 /index.php/james-cook-university-of-north-queensland-library-archives;
/archives/239/ /index.php/james-cook-university-of-north-queensland-library-archives;
/archives/238 /index.php/james-cook-university-archives;
/archives/238/ /index.php/james-cook-university-archives;
/archives/491 /index.php/john-curtin-prime-ministerial-library;
/archives/491/ /index.php/john-curtin-prime-ministerial-library;
/archives/254 /index.php/john-oxley-library-manuscripts-and-business-records-collection;
/archives/254/ /index.php/john-oxley-library-manuscripts-and-business-records-collection;
/archives/506 /index.php/joondalup-library-local-studies-collection;
/archives/506/ /index.php/joondalup-library-local-studies-collection;
/archives/426 /index.php/kalamunda-and-districts-historical-society-inc;
/archives/426/ /index.php/kalamunda-and-districts-historical-society-inc;
/archives/88 /index.php/kambala-church-of-england-girls-school;
/archives/88/ /index.php/kambala-church-of-england-girls-school;
/archives/279 /index.php/karcultaby-community-school-library;
/archives/279/ /index.php/karcultaby-community-school-library;
/archives/427 /index.php/katanning-historical-society;
/archives/427/ /index.php/katanning-historical-society;
/archives/211 /index.php/katherine-historical-society;
/archives/211/ /index.php/katherine-historical-society;
/archives/240 /index.php/kedron-state-high-school;
/archives/240/ /index.php/kedron-state-high-school;
/archives/89 /index.php/kenmore-hospital;
/archives/89/ /index.php/kenmore-hospital;
/archives/280 /index.php/kimba-and-gawler-ranges-historical-society-inc;
/archives/280/ /index.php/kimba-and-gawler-ranges-historical-society-inc;
/archives/91 /index.php/knox-grammar-school;
/archives/91/ /index.php/knox-grammar-school;
/archives/428 /index.php/koorda-and-districts-museum-and-historical-society-inc;
/archives/428/ /index.php/koorda-and-districts-museum-and-historical-society-inc;
/archives/354 /index.php/korowa-anglican-girls-school;
/archives/354/ /index.php/korowa-anglican-girls-school;
/archives/93 /index.php/ku-ring-gai-library;
/archives/93/ /index.php/ku-ring-gai-library;
/archives/94 /index.php/kyogle-and-district-historical-society;
/archives/94/ /index.php/kyogle-and-district-historical-society;
/archives/355 /index.php/la-trobe-university-archives;
/archives/355/ /index.php/la-trobe-university-archives;
/archives/95 /index.php/lake-macquarie-city-council;
/archives/95/ /index.php/lake-macquarie-city-council;
/archives/206 /index.php/lambing-flat-folk-museum;
/archives/206/ /index.php/lambing-flat-folk-museum;
/archives/96 /index.php/lane-cove-library;
/archives/96/ /index.php/lane-cove-library;
/archives/502 /index.php/lauriston-girls-school;
/archives/502/ /index.php/lauriston-girls-school;
/archives/97 /index.php/leichhardt-municipal-council;
/archives/97/ /index.php/leichhardt-municipal-council;
/archives/99 /index.php/lithgow-regional-library;
/archives/99/ /index.php/lithgow-regional-library;
/archives/486 /index.php/little-forest-family-history-research-group;
/archives/486/ /index.php/little-forest-family-history-research-group;
/archives/100 /index.php/liverpool-city-library-local-studies-collection;
/archives/100/ /index.php/liverpool-city-library-local-studies-collection;
/archives/101 /index.php/lodge-kiama-no-35-ugl-of-nsw;
/archives/101/ /index.php/lodge-kiama-no-35-ugl-of-nsw;
/archives/102 /index.php/loreto-kirribilli;
/archives/102/ /index.php/loreto-kirribilli;
/archives/556 /index.php/loreto-mandeville-hall-toorak;
/archives/556/ /index.php/loreto-mandeville-hall-toorak;
/archives/536 /index.php/loreto-province-archives;
/archives/536/ /index.php/loreto-province-archives;
/archives/539 /index.php/lowther-hall-anglican-grammar-school-archives;
/archives/539/ /index.php/lowther-hall-anglican-grammar-school-archives;
/archives/281 /index.php/lutheran-church-of-australia;
/archives/281/ /index.php/lutheran-church-of-australia;
/archives/110 /index.php/mlc-school-sydney;
/archives/110/ /index.php/mlc-school-sydney;
/archives/191 /index.php/macleay-museum;
/archives/191/ /index.php/macleay-museum;
/archives/104 /index.php/macleay-river-historical-society;
/archives/104/ /index.php/macleay-river-historical-society;
/archives/542 /index.php/macquarie-regional-library;
/archives/542/ /index.php/macquarie-regional-library;
/archives/513 /index.php/mandurah-community-museum;
/archives/513/ /index.php/mandurah-community-museum;
/archives/430 /index.php/mandurah-historical-society-inc;
/archives/430/ /index.php/mandurah-historical-society-inc;
/archives/514 /index.php/mandurah-library-and-information-service-local-studies-collection;
/archives/514/ /index.php/mandurah-library-and-information-service-local-studies-collection;
/archives/105 /index.php/manly-warringah-and-pittwater-historical-society;
/archives/105/ /index.php/manly-warringah-and-pittwater-historical-society;
/archives/282 /index.php/mannum-school-community-library;
/archives/282/ /index.php/mannum-school-community-library;
/archives/92 /index.php/marist-college-kogarah;
/archives/92/ /index.php/marist-college-kogarah;
/archives/106 /index.php/marrickville-council-archival-reference-centre;
/archives/106/ /index.php/marrickville-council-archival-reference-centre;
/archives/48 /index.php/mary-mackillop-centre;
/archives/48/ /index.php/mary-mackillop-centre;
/archives/305 /index.php/mary-mackillop-crypt;
/archives/305/ /index.php/mary-mackillop-crypt;
/archives/241 /index.php/maryborough-wide-bay-and-burnett-historical-society-inc;
/archives/241/ /index.php/maryborough-wide-bay-and-burnett-historical-society-inc;
/archives/107 /index.php/masada-college;
/archives/107/ /index.php/masada-college;
/archives/546 /index.php/mater-health-services-archives-and-heritage-centre;
/archives/546/ /index.php/mater-health-services-archives-and-heritage-centre;
/archives/242 /index.php/mater-misericordiae-public-hospitals;
/archives/242/ /index.php/mater-misericordiae-public-hospitals;
/archives/356 /index.php/melbourne-cricket-club;
/archives/356/ /index.php/melbourne-cricket-club;
/archives/538 /index.php/melbourne-girls-grammar-school-archives;
/archives/538/ /index.php/melbourne-girls-grammar-school-archives;
/archives/357 /index.php/melbourne-grammar-school;
/archives/357/ /index.php/melbourne-grammar-school;
/archives/528 /index.php/melbourne-high-school-heritage-society-archive-room;
/archives/528/ /index.php/melbourne-high-school-heritage-society-archive-room;
/archives/376 /index.php/mental-health-library;
/archives/376/ /index.php/mental-health-library;
/archives/496 /index.php/mentone-girls-grammar-school-archives;
/archives/496/ /index.php/mentone-girls-grammar-school-archives;
/archives/108 /index.php/meriden;
/archives/108/ /index.php/meriden;
/archives/109 /index.php/merimbula-imlay-historical-society;
/archives/109/ /index.php/merimbula-imlay-historical-society;
/archives/484 /index.php/methodist-ladies-college-archives;
/archives/484/ /index.php/methodist-ladies-college-archives;
/archives/283 /index.php/mid-murraylands-local-history-group;
/archives/283/ /index.php/mid-murraylands-local-history-group;
/archives/139 /index.php/missionarii-sacratissimi-cordis-iesu-msc-archives;
/archives/139/ /index.php/missionarii-sacratissimi-cordis-iesu-msc-archives;
/archives/170 /index.php/mitchell-and-dixson-libraries-manuscripts-collection;
/archives/170/ /index.php/mitchell-and-dixson-libraries-manuscripts-collection;
/archives/487 /index.php/molong-historical-society-inc;
/archives/487/ /index.php/molong-historical-society-inc;
/archives/358 /index.php/monash-university-archives;
/archives/358/ /index.php/monash-university-archives;
/archives/111 /index.php/monte-sant-angelo-mercy-college;
/archives/111/ /index.php/monte-sant-angelo-mercy-college;
/archives/284 /index.php/mount-barker-community-library-local-history-collection;
/archives/284/ /index.php/mount-barker-community-library-local-history-collection;
/archives/285 /index.php/mount-lofty-districts-historical-society-inc;
/archives/285/ /index.php/mount-lofty-districts-historical-society-inc;
/archives/286 /index.php/munno-para-public-library-local-history-collection;
/archives/286/ /index.php/munno-para-public-library-local-history-collection;
/archives/431 /index.php/murdoch-university;
/archives/431/ /index.php/murdoch-university;
/archives/113 /index.php/murray-high-school;
/archives/113/ /index.php/murray-high-school;
/archives/492 /index.php/murwillumbah-museum;
/archives/492/ /index.php/murwillumbah-museum;
/archives/359 /index.php/museum-victoria;
/archives/359/ /index.php/museum-victoria;
/archives/488 /index.php/nrma-ltd-corporate-archives;
/archives/488/ /index.php/nrma-ltd-corporate-archives;
/archives/115 /index.php/nandewar-historical-society;
/archives/115/ /index.php/nandewar-historical-society;
/archives/116 /index.php/narrabri-and-district-historical-society;
/archives/116/ /index.php/narrabri-and-district-historical-society;
/archives/259 /index.php/national-archives-of-australia-adelaide-office;
/archives/259/ /index.php/national-archives-of-australia-adelaide-office;
/archives/219 /index.php/national-archives-of-australia-brisbane-office;
/archives/219/ /index.php/national-archives-of-australia-brisbane-office;
/archives/328 /index.php/national-archives-of-australia-melbourne-office;
/archives/328/ /index.php/national-archives-of-australia-melbourne-office;
/archives/3 /index.php/national-archives-of-australia-national-office;
/archives/3/ /index.php/national-archives-of-australia-national-office;
/archives/208 /index.php/national-archives-of-australia-northern-territory-office;
/archives/208/ /index.php/national-archives-of-australia-northern-territory-office;
/archives/404 /index.php/national-archives-of-australia-perth-office;
/archives/404/ /index.php/national-archives-of-australia-perth-office;
/archives/28 /index.php/national-archives-of-australia-sydney-office;
/archives/28/ /index.php/national-archives-of-australia-sydney-office;
/archives/321 /index.php/national-archives-of-australia-tasmanian-office;
/archives/321/ /index.php/national-archives-of-australia-tasmanian-office;
/archives/220 /index.php/national-archives-of-australia-townsville-office;
/archives/220/ /index.php/national-archives-of-australia-townsville-office;
/archives/360 /index.php/national-australia-bank;
/archives/360/ /index.php/national-australia-bank;
/archives/549 /index.php/national-film-and-sound-archive;
/archives/549/ /index.php/national-film-and-sound-archive;
/archives/7 /index.php/national-gallery-of-australia-research-library;
/archives/7/ /index.php/national-gallery-of-australia-research-library;
/archives/20 /index.php/national-library-of-australia-manuscript-collection;
/archives/20/ /index.php/national-library-of-australia-manuscript-collection;
/archives/21 /index.php/national-library-of-australia-oral-history-collection;
/archives/21/ /index.php/national-library-of-australia-oral-history-collection;
/archives/212 /index.php/national-trust-nt;
/archives/212/ /index.php/national-trust-nt;
/archives/470 /index.php/national-trust-of-australia-nsw;
/archives/470/ /index.php/national-trust-of-australia-nsw;
/archives/361 /index.php/national-trust-of-australia-victoria-conservation-division;
/archives/361/ /index.php/national-trust-of-australia-victoria-conservation-division;
/archives/287 /index.php/national-trust-of-south-australia-the-coromandel-valley-and-district-branch;
/archives/287/ /index.php/national-trust-of-south-australia-the-coromandel-valley-and-district-branch;
/archives/432 /index.php/national-trust-of-western-australia;
/archives/432/ /index.php/national-trust-of-western-australia;
/archives/118 /index.php/nepean-district-historical-society;
/archives/118/ /index.php/nepean-district-historical-society;
/archives/185 /index.php/new-england-historical-resources-centre;
/archives/185/ /index.php/new-england-historical-resources-centre;
/archives/121 /index.php/newington-college;
/archives/121/ /index.php/newington-college;
/archives/289 /index.php/noarlunga-library-local-studies-collection;
/archives/289/ /index.php/noarlunga-library-local-studies-collection;
/archives/433 /index.php/north-suburban-historical-society;
/archives/433/ /index.php/north-suburban-historical-society;
/archives/122 /index.php/north-sydney-boys-high-school;
/archives/122/ /index.php/north-sydney-boys-high-school;
/archives/123 /index.php/north-sydney-girls-high-school;
/archives/123/ /index.php/north-sydney-girls-high-school;
/archives/213 /index.php/northern-land-council;
/archives/213/ /index.php/northern-land-council;
/archives/570 /index.php/northern-territory-archives-service;
/archives/570/ /index.php/northern-territory-archives-service;
/archives/217 /index.php/northern-territory-library-northern-territory-collection;
/archives/217/ /index.php/northern-territory-library-northern-territory-collection;
/archives/215 /index.php/northern-territory-university-archives;
/archives/215/ /index.php/northern-territory-university-archives;
/archives/472 /index.php/northern-territory-university-information-services-division;
/archives/472/ /index.php/northern-territory-university-information-services-division;
/archives/362 /index.php/note-printing-australia;
/archives/362/ /index.php/note-printing-australia;
/archives/533 /index.php/ogilvie-high-school-archives-project;
/archives/533/ /index.php/ogilvie-high-school-archives-project;
/archives/434 /index.php/old-court-house-museum;
/archives/434/ /index.php/old-court-house-museum;
/archives/413 /index.php/orange-tree-farm;
/archives/413/ /index.php/orange-tree-farm;
/archives/125 /index.php/order-of-st-clare-poor-clares;
/archives/125/ /index.php/order-of-st-clare-poor-clares;
/archives/12 /index.php/pacific-manuscripts-bureau;
/archives/12/ /index.php/pacific-manuscripts-bureau;
/archives/569 /index.php/pacific-research-archives;
/archives/569/ /index.php/pacific-research-archives;
/archives/535 /index.php/pacific-and-regional-archive-for-digital-sources-in-endangered-cultures;
/archives/535/ /index.php/pacific-and-regional-archive-for-digital-sources-in-endangered-cultures;
/archives/128 /index.php/palm-beach-surf-club;
/archives/128/ /index.php/palm-beach-surf-club;
/archives/130 /index.php/parkes-shire-council;
/archives/130/ /index.php/parkes-shire-council;
/archives/129 /index.php/parkes-and-district-historical-society-inc;
/archives/129/ /index.php/parkes-and-district-historical-society-inc;
/archives/131 /index.php/parliament-of-new-south-wales;
/archives/131/ /index.php/parliament-of-new-south-wales;
/archives/363 /index.php/parliament-of-victoria-legislative-assembly-original-papers;
/archives/363/ /index.php/parliament-of-victoria-legislative-assembly-original-papers;
/archives/364 /index.php/parliament-of-victoria-legislative-council-original-papers;
/archives/364/ /index.php/parliament-of-victoria-legislative-council-original-papers;
/archives/574 /index.php/parramatta-heritage-visitor-information-centre;
/archives/574/ /index.php/parramatta-heritage-visitor-information-centre;
/archives/291 /index.php/payneham-public-library;
/archives/291/ /index.php/payneham-public-library;
/archives/365 /index.php/penleigh-and-essendon-grammar-school-archives;
/archives/365/ /index.php/penleigh-and-essendon-grammar-school-archives;
/archives/292 /index.php/penola-school-community-library-local-history-collection;
/archives/292/ /index.php/penola-school-community-library-local-history-collection;
/archives/495 /index.php/penrhos-college;
/archives/495/ /index.php/penrhos-college;
/archives/132 /index.php/penrith-city-library-local-studies-collection;
/archives/132/ /index.php/penrith-city-library-local-studies-collection;
/archives/395 /index.php/performing-arts-collection;
/archives/395/ /index.php/performing-arts-collection;
/archives/469 /index.php/perth-college;
/archives/469/ /index.php/perth-college;
/archives/435 /index.php/perth-observatory;
/archives/435/ /index.php/perth-observatory;
/archives/293 /index.php/peterborough-community-library-local-history-collection;
/archives/293/ /index.php/peterborough-community-library-local-history-collection;
/archives/133 /index.php/picton-and-district-historical-and-family-history-society;
/archives/133/ /index.php/picton-and-district-historical-and-family-history-society;
/archives/507 /index.php/pine-rivers-shire-council;
/archives/507/ /index.php/pine-rivers-shire-council;
/archives/516 /index.php/polish-historical-institute-in-australia;
/archives/516/ /index.php/polish-historical-institute-in-australia;
/archives/294 /index.php/port-augusta-public-library-local-history-collection;
/archives/294/ /index.php/port-augusta-public-library-local-history-collection;
/archives/216 /index.php/port-keats-community-archive;
/archives/216/ /index.php/port-keats-community-archive;
/archives/295 /index.php/port-pirie-regional-library-service-local-history-collection;
/archives/295/ /index.php/port-pirie-regional-library-service-local-history-collection;
/archives/114 /index.php/powerhouse-museum;
/archives/114/ /index.php/powerhouse-museum;
/archives/436 /index.php/presbyterian-ladies-college-wa;
/archives/436/ /index.php/presbyterian-ladies-college-wa;
/archives/134 /index.php/presbyterian-ladies-college-sydney;
/archives/134/ /index.php/presbyterian-ladies-college-sydney;
/archives/367 /index.php/presbyterian-ladies-college-melbourne;
/archives/367/ /index.php/presbyterian-ladies-college-melbourne;
/archives/296 /index.php/prince-alfred-college;
/archives/296/ /index.php/prince-alfred-college;
/archives/297 /index.php/prospect-library-heritage-collection;
/archives/297/ /index.php/prospect-library-heritage-collection;
/archives/162 /index.php/provincial-archives-and-archives-of-kincoppal-rose-bay-school;
/archives/162/ /index.php/provincial-archives-and-archives-of-kincoppal-rose-bay-school;
/archives/326 /index.php/public-record-office-victoria;
/archives/326/ /index.php/public-record-office-victoria;
/archives/562 /index.php/public-record-office-victoria-ballarat-archives-centre;
/archives/562/ /index.php/public-record-office-victoria-ballarat-archives-centre;
/archives/560 /index.php/public-record-office-victoria-city-search-room;
/archives/560/ /index.php/public-record-office-victoria-city-search-room;
/archives/559 /index.php/public-record-office-victoria-laverton-search-room-and-repository;
/archives/559/ /index.php/public-record-office-victoria-laverton-search-room-and-repository;
/archives/298 /index.php/pulteney-grammar-school;
/archives/298/ /index.php/pulteney-grammar-school;
/archives/135 /index.php/pymble-ladies-college;
/archives/135/ /index.php/pymble-ladies-college;
/archives/322 /index.php/queen-victoria-museum-and-art-gallery-community-history-collection;
/archives/322/ /index.php/queen-victoria-museum-and-art-gallery-community-history-collection;
/archives/515 /index.php/queensland-family-history-society-inc;
/archives/515/ /index.php/queensland-family-history-society-inc;
/archives/245 /index.php/queensland-maritime-museum-association;
/archives/245/ /index.php/queensland-maritime-museum-association;
/archives/246 /index.php/queensland-performing-arts-trust;
/archives/246/ /index.php/queensland-performing-arts-trust;
/archives/247 /index.php/queensland-state-archives;
/archives/247/ /index.php/queensland-state-archives;
/archives/136 /index.php/quirindi-and-district-historical-society-inc;
/archives/136/ /index.php/quirindi-and-district-historical-society-inc;
/archives/438 /index.php/raafa-aviation-heritage-museum-of-western-australia;
/archives/438/ /index.php/raafa-aviation-heritage-museum-of-western-australia;
/archives/578 /index.php/racv-heritage-collection;
/archives/578/ /index.php/racv-heritage-collection;
/archives/551 /index.php/rmit-university-archives;
/archives/551/ /index.php/rmit-university-archives;
/archives/579 /index.php/rsl-wa-branch-archive-collection;
/archives/579/ /index.php/rsl-wa-branch-archive-collection;
/archives/137 /index.php/randwick-and-district-historical-society-inc;
/archives/137/ /index.php/randwick-and-district-historical-society-inc;
/archives/439 /index.php/ravensthorpe-historical-society-inc;
/archives/439/ /index.php/ravensthorpe-historical-society-inc;
/archives/138 /index.php/ravenswood-school-for-girls;
/archives/138/ /index.php/ravenswood-school-for-girls;
/archives/140 /index.php/reserve-bank-of-australia;
/archives/140/ /index.php/reserve-bank-of-australia;
/archives/141 /index.php/richmond-river-historical-society-inc;
/archives/141/ /index.php/richmond-river-historical-society-inc;
/archives/368 /index.php/ringwood-historical-research-group-inc;
/archives/368/ /index.php/ringwood-historical-research-group-inc;
/archives/412 /index.php/riverton-library-local-history-collection;
/archives/412/ /index.php/riverton-library-local-history-collection;
/archives/142 /index.php/roads-and-traffic-authority-nsw;
/archives/142/ /index.php/roads-and-traffic-authority-nsw;
/archives/299 /index.php/robe-public-library-local-history-section;
/archives/299/ /index.php/robe-public-library-local-history-section;
/archives/90 /index.php/robert-robertson-museum;
/archives/90/ /index.php/robert-robertson-museum;
/archives/143 /index.php/rockdale-city-library-and-information-service-local-history-collection;
/archives/143/ /index.php/rockdale-city-library-and-information-service-local-history-collection;
/archives/248 /index.php/rockhampton-municipal-library-service;
/archives/248/ /index.php/rockhampton-municipal-library-service;
/archives/440 /index.php/rockingham-district-historical-society-inc;
/archives/440/ /index.php/rockingham-district-historical-society-inc;
/archives/448 /index.php/roman-catholic-archives-of-the-archdiocese-of-perth;
/archives/448/ /index.php/roman-catholic-archives-of-the-archdiocese-of-perth;
/archives/145 /index.php/royal-agricultural-society-of-nsw;
/archives/145/ /index.php/royal-agricultural-society-of-nsw;
/archives/369 /index.php/royal-australasian-college-of-surgeons;
/archives/369/ /index.php/royal-australasian-college-of-surgeons;
/archives/441 /index.php/royal-australian-artillery-historical-society-of-western-australia-inc;
/archives/441/ /index.php/royal-australian-artillery-historical-society-of-western-australia-inc;
/archives/148 /index.php/royal-australian-college-of-general-practitioners;
/archives/148/ /index.php/royal-australian-college-of-general-practitioners;
/archives/149 /index.php/royal-australian-historical-society;
/archives/149/ /index.php/royal-australian-historical-society;
/archives/370 /index.php/royal-australian-and-new-zealand-college-of-obstetricians-and-gynaecologists-ranzcog;
/archives/370/ /index.php/royal-australian-and-new-zealand-college-of-obstetricians-and-gynaecologists-ranzcog;
/archives/150 /index.php/royal-botanic-gardens-sydney;
/archives/150/ /index.php/royal-botanic-gardens-sydney;
/archives/371 /index.php/royal-childrens-hospital;
/archives/371/ /index.php/royal-childrens-hospital;
/archives/372 /index.php/royal-college-of-nursing-australia-archives;
/archives/372/ /index.php/royal-college-of-nursing-australia-archives;
/archives/300 /index.php/royal-college-of-nursing-australia-sa-chapter;
/archives/300/ /index.php/royal-college-of-nursing-australia-sa-chapter;
/archives/301 /index.php/royal-geographical-society-of-south-australia-inc;
/archives/301/ /index.php/royal-geographical-society-of-south-australia-inc;
/archives/250 /index.php/royal-historical-society-of-queensland;
/archives/250/ /index.php/royal-historical-society-of-queensland;
/archives/374 /index.php/royal-historical-society-of-victoria-inc;
/archives/374/ /index.php/royal-historical-society-of-victoria-inc;
/archives/151 /index.php/royal-new-south-wales-bowling-association-incorporated;
/archives/151/ /index.php/royal-new-south-wales-bowling-association-incorporated;
/archives/442 /index.php/royal-perth-hospital;
/archives/442/ /index.php/royal-perth-hospital;
/archives/152 /index.php/royal-prince-alfred-hospital;
/archives/152/ /index.php/royal-prince-alfred-hospital;
/archives/443 /index.php/royal-western-australian-historical-society;
/archives/443/ /index.php/royal-western-australian-historical-society;
/archives/377 /index.php/royal-womens-hospital-archives;
/archives/377/ /index.php/royal-womens-hospital-archives;
/archives/378 /index.php/rural-city-of-wodonga;
/archives/378/ /index.php/rural-city-of-wodonga;
/archives/531 /index.php/ruyton-girls-school;
/archives/531/ /index.php/ruyton-girls-school;
/archives/174 /index.php/sceggs-darlinghurst;
/archives/174/ /index.php/sceggs-darlinghurst;
/archives/550 /index.php/sdn-archive-at-the-history-room;
/archives/550/ /index.php/sdn-archive-at-the-history-room;
/archives/522 /index.php/sacred-heart-college;
/archives/522/ /index.php/sacred-heart-college;
/archives/251 /index.php/sacred-heart-college-downlands;
/archives/251/ /index.php/sacred-heart-college-downlands;
/archives/302 /index.php/salisbury-district-historical-society-inc;
/archives/302/ /index.php/salisbury-district-historical-society-inc;
/archives/112 /index.php/samuel-marsden-archives;
/archives/112/ /index.php/samuel-marsden-archives;
/archives/153 /index.php/santa-sabina-college-limited;
/archives/153/ /index.php/santa-sabina-college-limited;
/archives/303 /index.php/santos-ltd;
/archives/303/ /index.php/santos-ltd;
/archives/154 /index.php/scone-and-upper-hunter-historical-society;
/archives/154/ /index.php/scone-and-upper-hunter-historical-society;
/archives/379 /index.php/scotch-college;
/archives/379/ /index.php/scotch-college;
/archives/444 /index.php/scotch-college-inc;
/archives/444/ /index.php/scotch-college-inc;
/archives/380 /index.php/scout-association-of-victoria;
/archives/380/ /index.php/scout-association-of-victoria;
/archives/304 /index.php/seymour-college;
/archives/304/ /index.php/seymour-college;
/archives/158 /index.php/sisters-of-charity-of-australia;
/archives/158/ /index.php/sisters-of-charity-of-australia;
/archives/445 /index.php/sisters-of-mercy-congregation-west-perth;
/archives/445/ /index.php/sisters-of-mercy-congregation-west-perth;
/archives/159 /index.php/sisters-of-mercy-north-sydney;
/archives/159/ /index.php/sisters-of-mercy-north-sydney;
/archives/252 /index.php/sisters-of-perpetual-adoration;
/archives/252/ /index.php/sisters-of-perpetual-adoration;
/archives/253 /index.php/sisters-of-st-joseph-nundah;
/archives/253/ /index.php/sisters-of-st-joseph-nundah;
/archives/13 /index.php/social-science-data-archives;
/archives/13/ /index.php/social-science-data-archives;
/archives/161 /index.php/society-of-australian-genealogists;
/archives/161/ /index.php/society-of-australian-genealogists;
/archives/306 /index.php/south-australian-genealogy-and-heraldry-society;
/archives/306/ /index.php/south-australian-genealogy-and-heraldry-society;
/archives/307 /index.php/south-australian-museum-archives;
/archives/307/ /index.php/south-australian-museum-archives;
/archives/382 /index.php/south-melbourne-public-library-service;
/archives/382/ /index.php/south-melbourne-public-library-service;
/archives/446 /index.php/southern-cross-and-districts-historical-society;
/archives/446/ /index.php/southern-cross-and-districts-historical-society;
/archives/5 /index.php/special-collections-academy-library-unsw-adfa;
/archives/5/ /index.php/special-collections-academy-library-unsw-adfa;
/archives/163 /index.php/st-albans-anglican-church-epping;
/archives/163/ /index.php/st-albans-anglican-church-epping;
/archives/164 /index.php/st-aloysius-college;
/archives/164/ /index.php/st-aloysius-college;
/archives/165 /index.php/st-catherines-school;
/archives/165/ /index.php/st-catherines-school;
/archives/308 /index.php/st-francis-xavier-seminary;
/archives/308/ /index.php/st-francis-xavier-seminary;
/archives/447 /index.php/st-hildas-anglican-school-for-girls;
/archives/447/ /index.php/st-hildas-anglican-school-for-girls;
/archives/541 /index.php/st-ignatius-college-riverview;
/archives/541/ /index.php/st-ignatius-college-riverview;
/archives/166 /index.php/st-margarets-hospital;
/archives/166/ /index.php/st-margarets-hospital;
/archives/167 /index.php/st-marys-star-of-the-sea-college-wollongong;
/archives/167/ /index.php/st-marys-star-of-the-sea-college-wollongong;
/archives/554 /index.php/st-patricks-college-ballarat;
/archives/554/ /index.php/st-patricks-college-ballarat;
/archives/309 /index.php/st-peters-public-library-local-studies-collection;
/archives/309/ /index.php/st-peters-public-library-local-studies-collection;
/archives/168 /index.php/st-stanislaus-college;
/archives/168/ /index.php/st-stanislaus-college;
/archives/530 /index.php/st-vincents-hospital-archives;
/archives/530/ /index.php/st-vincents-hospital-archives;
/archives/124 /index.php/stanton-library;
/archives/124/ /index.php/stanton-library;
/archives/169 /index.php/state-bank-of-new-south-wales;
/archives/169/ /index.php/state-bank-of-new-south-wales;
/archives/383 /index.php/state-bank-of-victoria;
/archives/383/ /index.php/state-bank-of-victoria;
/archives/310 /index.php/state-library-of-south-australia;
/archives/310/ /index.php/state-library-of-south-australia;
/archives/384 /index.php/state-library-of-victoria-australian-manuscripts-collection;
/archives/384/ /index.php/state-library-of-victoria-australian-manuscripts-collection;
/archives/171 /index.php/state-rail-authority-of-new-south-wales;
/archives/171/ /index.php/state-rail-authority-of-new-south-wales;
/archives/563 /index.php/state-records-new-south-wales-armidale-repository;
/archives/563/ /index.php/state-records-new-south-wales-armidale-repository;
/archives/564 /index.php/state-records-new-south-wales-broken-hill-repository;
/archives/564/ /index.php/state-records-new-south-wales-broken-hill-repository;
/archives/565 /index.php/state-records-new-south-wales-newcastle-repository-1;
/archives/565/ /index.php/state-records-new-south-wales-newcastle-repository-1;
/archives/566 /index.php/state-records-new-south-wales-newcastle-repository-2;
/archives/566/ /index.php/state-records-new-south-wales-newcastle-repository-2;
/archives/24 /index.php/state-records-new-south-wales-sydney-reading-room;
/archives/24/ /index.php/state-records-new-south-wales-sydney-reading-room;
/archives/567 /index.php/state-records-new-south-wales-wagga-wagga-repository;
/archives/567/ /index.php/state-records-new-south-wales-wagga-wagga-repository;
/archives/467 /index.php/state-records-new-south-wales-western-sydney-records-centre;
/archives/467/ /index.php/state-records-new-south-wales-western-sydney-records-centre;
/archives/568 /index.php/state-records-new-south-wales-wollongong-repository;
/archives/568/ /index.php/state-records-new-south-wales-wollongong-repository;
/archives/449 /index.php/state-records-office-of-western-australia;
/archives/449/ /index.php/state-records-office-of-western-australia;
/archives/311 /index.php/state-records-of-south-australia;
/archives/311/ /index.php/state-records-of-south-australia;
/archives/548 /index.php/stonnington-history-centre;
/archives/548/ /index.php/stonnington-history-centre;
/archives/521 /index.php/strathcona-baptist-girls-grammar-school;
/archives/521/ /index.php/strathcona-baptist-girls-grammar-school;
/archives/526 /index.php/strathfield-district-historical-society;
/archives/526/ /index.php/strathfield-district-historical-society;
/archives/172 /index.php/strathfield-municipal-council;
/archives/172/ /index.php/strathfield-municipal-council;
/archives/312 /index.php/streaky-bay-school-community-library;
/archives/312/ /index.php/streaky-bay-school-community-library;
/archives/218 /index.php/strehlow-research-centre;
/archives/218/ /index.php/strehlow-research-centre;
/archives/451 /index.php/subiaco-historical-society;
/archives/451/ /index.php/subiaco-historical-society;
/archives/385 /index.php/swan-hill-regional-library;
/archives/385/ /index.php/swan-hill-regional-library;
/archives/473 /index.php/sydney-boys-high-school;
/archives/473/ /index.php/sydney-boys-high-school;
/archives/173 /index.php/sydney-church-of-england-co-educational-grammar-school-scecgs-redlands;
/archives/173/ /index.php/sydney-church-of-england-co-educational-grammar-school-scecgs-redlands;
/archives/175 /index.php/sydney-conservatorium-of-music;
/archives/175/ /index.php/sydney-conservatorium-of-music;
/archives/176 /index.php/sydney-girls-high-school-old-girls-union-historical-resources-centre;
/archives/176/ /index.php/sydney-girls-high-school-old-girls-union-historical-resources-centre;
/archives/178 /index.php/sydney-hospital-and-sydney-eye-hospital;
/archives/178/ /index.php/sydney-hospital-and-sydney-eye-hospital;
/archives/576 /index.php/sydney-water-sydney-catchment-authority-historical-research-archives-facility;
/archives/576/ /index.php/sydney-water-sydney-catchment-authority-historical-research-archives-facility;
/archives/120 /index.php/tafe-history-unit;
/archives/120/ /index.php/tafe-history-unit;
/archives/313 /index.php/telecom-museum-see-telstra-corporation-limited;
/archives/313/ /index.php/telecom-museum-see-telstra-corporation-limited;
/archives/126 /index.php/telstra-corporation-limited;
/archives/126/ /index.php/telstra-corporation-limited;
/archives/386 /index.php/telstra-see-telstra-corporation-limited;
/archives/386/ /index.php/telstra-see-telstra-corporation-limited;
/archives/231 /index.php/the-anglican-church-of-australia-diocese-of-brisbane-records-archives-centre;
/archives/231/ /index.php/the-anglican-church-of-australia-diocese-of-brisbane-records-archives-centre;
/archives/329 /index.php/the-australian-ballet-school;
/archives/329/ /index.php/the-australian-ballet-school;
/archives/34 /index.php/the-australian-gas-light-company-agl;
/archives/34/ /index.php/the-australian-gas-light-company-agl;
/archives/333 /index.php/the-australian-institute-of-archaeology;
/archives/333/ /index.php/the-australian-institute-of-archaeology;
/archives/243 /index.php/the-charles-lisner-library;
/archives/243/ /index.php/the-charles-lisner-library;
/archives/416 /index.php/the-congregation-of-the-presentation-sisters-wa-inc;
/archives/416/ /index.php/the-congregation-of-the-presentation-sisters-wa-inc;
/archives/232 /index.php/the-corporation-of-the-trustees-of-the-order-of-the-sisters-of-mercy-in-queensland-brisbane-congregation;
/archives/232/ /index.php/the-corporation-of-the-trustees-of-the-order-of-the-sisters-of-mercy-in-queensland-brisbane-congregation;
/archives/277 /index.php/the-flinders-university-of-south-australia-archives;
/archives/277/ /index.php/the-flinders-university-of-south-australia-archives;
/archives/81 /index.php/the-henry-lawson-centre;
/archives/81/ /index.php/the-henry-lawson-centre;
/archives/82 /index.php/the-hills-district-historical-society-inc;
/archives/82/ /index.php/the-hills-district-historical-society-inc;
/archives/278 /index.php/the-historical-society-of-woodville;
/archives/278/ /index.php/the-historical-society-of-woodville;
/archives/537 /index.php/the-kings-school-archives;
/archives/537/ /index.php/the-kings-school-archives;
/archives/523 /index.php/the-knox-school;
/archives/523/ /index.php/the-knox-school;
/archives/98 /index.php/the-linnean-society-of-new-south-wales;
/archives/98/ /index.php/the-linnean-society-of-new-south-wales;
/archives/156 /index.php/the-nsw-scout-memorabilia-centre;
/archives/156/ /index.php/the-nsw-scout-memorabilia-centre;
/archives/117 /index.php/the-national-institute-of-dramatic-art-nida;
/archives/117/ /index.php/the-national-institute-of-dramatic-art-nida;
/archives/288 /index.php/the-national-trust-of-south-australia-moonta-branch;
/archives/288/ /index.php/the-national-trust-of-south-australia-moonta-branch;
/archives/119 /index.php/the-new-south-wales-college-of-nursing;
/archives/119/ /index.php/the-new-south-wales-college-of-nursing;
/archives/11 /index.php/the-noel-butlin-archives-centre;
/archives/11/ /index.php/the-noel-butlin-archives-centre;
/archives/127 /index.php/the-paddington-society;
/archives/127/ /index.php/the-paddington-society;
/archives/508 /index.php/the-perth-mint;
/archives/508/ /index.php/the-perth-mint;
/archives/244 /index.php/the-queensland-country-womens-association;
/archives/244/ /index.php/the-queensland-country-womens-association;
/archives/144 /index.php/the-rotary-club-of-sydney-inc;
/archives/144/ /index.php/the-rotary-club-of-sydney-inc;
/archives/373 /index.php/the-royal-dental-hospital-of-melbourne;
/archives/373/ /index.php/the-royal-dental-hospital-of-melbourne;
/archives/249 /index.php/the-royal-geographical-society-of-queensland-inc;
/archives/249/ /index.php/the-royal-geographical-society-of-queensland-inc;
/archives/375 /index.php/the-royal-melbourne-hospital;
/archives/375/ /index.php/the-royal-melbourne-hospital;
/archives/471 /index.php/the-salvation-army-australia-eastern-territory;
/archives/471/ /index.php/the-salvation-army-australia-eastern-territory;
/archives/512 /index.php/the-salvation-army-australia-southern-territory-archives-museum;
/archives/512/ /index.php/the-salvation-army-australia-southern-territory-archives-museum;
/archives/155 /index.php/the-scots-college;
/archives/155/ /index.php/the-scots-college;
/archives/177 /index.php/the-sydney-grammar-school;
/archives/177/ /index.php/the-sydney-grammar-school;
/archives/503 /index.php/the-toowoomba-preparatory-school-the-anglican-church-of-australia;
/archives/503/ /index.php/the-toowoomba-preparatory-school-the-anglican-church-of-australia;
/archives/256 /index.php/the-university-of-queensland-records-and-archives-management-services;
/archives/256/ /index.php/the-university-of-queensland-records-and-archives-management-services;
/archives/396 /index.php/the-walter-and-eliza-hall-institute-of-medical-research;
/archives/396/ /index.php/the-walter-and-eliza-hall-institute-of-medical-research;
/archives/203 /index.php/the-womens-college-university-of-sydney;
/archives/203/ /index.php/the-womens-college-university-of-sydney;
/archives/527 /index.php/the-york-society-inc;
/archives/527/ /index.php/the-york-society-inc;
/archives/387 /index.php/timbertop-geelong-grammar-school;
/archives/387/ /index.php/timbertop-geelong-grammar-school;
/archives/388 /index.php/tintern-aggs;
/archives/388/ /index.php/tintern-aggs;
/archives/553 /index.php/trainor-owen-collection-royal-australian-and-new-zealand-college-of-radiologists;
/archives/553/ /index.php/trainor-owen-collection-royal-australian-and-new-zealand-college-of-radiologists;
/archives/210 /index.php/trevorder-collection;
/archives/210/ /index.php/trevorder-collection;
/archives/183 /index.php/trinity-grammar-school-nsw;
/archives/183/ /index.php/trinity-grammar-school-nsw;
/archives/314 /index.php/tumby-bay-school-community-library-local-history-collection;
/archives/314/ /index.php/tumby-bay-school-community-library-local-history-collection;
/archives/103 /index.php/tweed-heads-historical-society;
/archives/103/ /index.php/tweed-heads-historical-society;
/archives/520 /index.php/tweed-river-historical-society-inc;
/archives/520/ /index.php/tweed-river-historical-society-inc;
/archives/519 /index.php/uki-and-south-arm-historical-society-inc;
/archives/519/ /index.php/uki-and-south-arm-historical-society-inc;
/archives/184 /index.php/uniting-church-in-australia-synod-of-new-south-wales-and-the-act-archives-office;
/archives/184/ /index.php/uniting-church-in-australia-synod-of-new-south-wales-and-the-act-archives-office;
/archives/389 /index.php/uniting-church-in-australia-victorian-synod;
/archives/389/ /index.php/uniting-church-in-australia-victorian-synod;
/archives/452 /index.php/uniting-church-in-australia-wa-synod;
/archives/452/ /index.php/uniting-church-in-australia-wa-synod;
/archives/193 /index.php/university-records;
/archives/193/ /index.php/university-records;
/archives/316 /index.php/university-of-adelaide-archives;
/archives/316/ /index.php/university-of-adelaide-archives;
/archives/392 /index.php/university-of-melbourne-archives;
/archives/392/ /index.php/university-of-melbourne-archives;
/archives/186 /index.php/university-of-new-england-and-regional-archives;
/archives/186/ /index.php/university-of-new-england-and-regional-archives;
/archives/187 /index.php/university-of-new-south-wales-archives;
/archives/187/ /index.php/university-of-new-south-wales-archives;
/archives/192 /index.php/university-of-sydney-archives;
/archives/192/ /index.php/university-of-sydney-archives;
/archives/324 /index.php/university-of-tasmania-library-special-rare-collection;
/archives/324/ /index.php/university-of-tasmania-library-special-rare-collection;
/archives/557 /index.php/university-of-western-australia;
/archives/557/ /index.php/university-of-western-australia;
/archives/194 /index.php/university-of-western-sydney-hawkesbury;
/archives/194/ /index.php/university-of-western-sydney-hawkesbury;
/archives/195 /index.php/university-of-wollongong-archives;
/archives/195/ /index.php/university-of-wollongong-archives;
/archives/393 /index.php/victoria-police-museum;
/archives/393/ /index.php/victoria-police-museum;
/archives/476 /index.php/victoria-university-archives;
/archives/476/ /index.php/victoria-university-archives;
/archives/323 /index.php/w-l-crowther-library;
/archives/323/ /index.php/w-l-crowther-library;
/archives/456 /index.php/wagin-historical-society-and-museum-inc;
/archives/456/ /index.php/wagin-historical-society-and-museum-inc;
/archives/197 /index.php/walcha-and-district-historical-society;
/archives/197/ /index.php/walcha-and-district-historical-society;
/archives/547 /index.php/warships-and-marine-corps-museum-international;
/archives/547/ /index.php/warships-and-marine-corps-museum-international;
/archives/199 /index.php/water-board-historical-research-unit;
/archives/199/ /index.php/water-board-historical-research-unit;
/archives/397 /index.php/waverley-city-libraries-local-history-collection;
/archives/397/ /index.php/waverley-city-libraries-local-history-collection;
/archives/200 /index.php/waverley-library;
/archives/200/ /index.php/waverley-library;
/archives/497 /index.php/wesley-college;
/archives/497/ /index.php/wesley-college;
/archives/398 /index.php/wesley-mission-victoria;
/archives/398/ /index.php/wesley-mission-victoria;
/archives/317 /index.php/west-torrens-historical-society-inc;
/archives/317/ /index.php/west-torrens-historical-society-inc;
/archives/457 /index.php/western-australian-museum;
/archives/457/ /index.php/western-australian-museum;
/archives/450 /index.php/western-power-corporation;
/archives/450/ /index.php/western-power-corporation;
/archives/201 /index.php/westpac-historical-services;
/archives/201/ /index.php/westpac-historical-services;
/archives/318 /index.php/wilderness-school;
/archives/318/ /index.php/wilderness-school;
/archives/182 /index.php/wollondilly-heritage-centre;
/archives/182/ /index.php/wollondilly-heritage-centre;
/archives/202 /index.php/wollongong-city-council-library-local-studies-collection-reference;
/archives/202/ /index.php/wollongong-city-council-library-local-studies-collection-reference;
/archives/204 /index.php/womens-electoral-lobby-new-south-wales-inc;
/archives/204/ /index.php/womens-electoral-lobby-new-south-wales-inc;
/archives/458 /index.php/wongan-ballidu-museum-and-historical-society;
/archives/458/ /index.php/wongan-ballidu-museum-and-historical-society;
/archives/399 /index.php/woodend-and-district-heritage-society-local-family-history-resource-centre;
/archives/399/ /index.php/woodend-and-district-heritage-society-local-family-history-resource-centre;
/archives/205 /index.php/woollahra-municipal-library;
/archives/205/ /index.php/woollahra-municipal-library;
/archives/319 /index.php/yorke-peninsula-family-history-group;
/archives/319/ /index.php/yorke-peninsula-family-history-group;
/archives/181 /index.php/zoological-parks-board-of-nsw;
/archives/181/ /index.php/zoological-parks-board-of-nsw;
